  basic:
      1. ✓ [32mVariable declaration - int a;[0m[31m -- Warning: Slow parse rate (146.341 bytes/ms)[0m
      2. ✓ [32mVariable declaration - int b;[0m
      3. ✓ [32mAssignment - a = 1;[0m
      4. ✓ [32mAssignment - b = 2;[0m
      5. ✓ [32mAssignment with binary - a = b + 3;[0m
      6. ✓ [32mAssignment with binary - b = a + 4;[0m
      7. ✓ [32mAssignment with parens and binary - a = (b + a) * 5;[0m
      8. ✓ [32mAssignment with parens and binary - b = (a + b) * 6;[0m
      9. ✗ [31mAssignment with nested binaries - main = b + 7 * c + 8;[0m
     10. ✗ [31mAssignment with grouped nested binary - main = b + 7 * (c + 8);[0m
  if-statement:
     11. ✗ [31mSimple if statement[0m
     12. ✗ [31mIf statement with elseif[0m
     13. ✗ [31mIf statement with else[0m
     14. ✗ [31mIf statement with elseif and else[0m

6 failures:

correct / [32mexpected[0m / [31munexpected[0m

  1. Assignment with nested binaries - main = b + 7 * c + 8;:

    (source_file
      (expression_statement
        (expression
          (assignment
            (identifier)
            (expression
              (binary_expression
                (expression
                  (binary_expression
                    (expression
                      (identifier))
                    (expression
[31m                      (binary_expression
[0m[31m                        (expression
[0m[31m                          (number))
[0m[31m                        (expression
[0m[31m                          (identifier))))))
[0m[32m                      (number))))
[0m                (expression
[31m                  (number))))))))[0m
[32m                  (binary_expression
[0m[32m                    (expression
[0m[32m                      (identifier))
[0m[32m                    (expression
[0m[32m                      (number))))))))))[0m


  2. Assignment with grouped nested binary - main = b + 7 * (c + 8);:

    (source_file
      (expression_statement
        (expression
          (assignment
            (identifier)
            (expression
              (binary_expression
                (expression
                  (identifier))
                (expression
                  (binary_expression
                    (expression
[31m                      (number))
[0m[31m                    (expression
[0m                      (parenthesized_expression
                        (expression
                          (binary_expression
                            (expression
                              (identifier))
                            (expression
[31m                              (number))))))))))))))[0m
[32m                              (number))))))
[0m[32m                    (expression
[0m[32m                      (number))))))))))[0m


  3. Simple if statement:

    (source_file
      (if_statement
[31m        (expression
[0m[31m          (assignment
[0m[31m            (identifier)
[0m[31m            (expression
[0m[31m              (number))))
[0m[32m        (assignment
[0m[32m          (identifier)
[0m[32m          (number))
[0m        (return_statement
[31m          (expression
[0m[31m            (boolean)))))[0m
[32m          (boolean))))[0m


  4. If statement with elseif:

    (source_file
      (if_statement
[31m        (expression
[0m[31m          (assignment
[0m[31m            (identifier)
[0m[31m            (expression
[0m[31m              (number))))
[0m[32m        (assignment
[0m[32m          (identifier)
[0m[32m          (number))
[0m        (return_statement
[31m          (expression
[0m[31m            (boolean)))
[0m[31m        (expression
[0m[31m          (binary_expression
[0m[31m            (expression
[0m[31m              (identifier))
[0m[31m            (expression
[0m[31m              (number))))
[0m[32m          (boolean))
[0m[32m        (assignment
[0m[32m          (identifier)
[0m[32m          (number))
[0m        (expression_statement
[31m          (expression
[0m[31m            (identifier)))
[0m[31m        (expression_statement
[0m[31m          (expression
[0m[31m            (parenthesized_expression
[0m[31m              (expression
[0m[31m                (MISSING identifier)))))))[0m
[32m          (identifier))))[0m


  5. If statement with else:

    (source_file
      (if_statement
[31m        (expression
[0m[31m          (assignment
[0m[31m            (identifier)
[0m[31m            (expression
[0m[31m              (number))))
[0m[32m        (assignment
[0m[32m          (identifier)
[0m[32m          (number))
[0m        (return_statement
[31m          (expression
[0m[31m            (boolean)))
[0m[31m        (expression_statement
[0m[31m          (expression
[0m[31m            (identifier)))
[0m[32m          (boolean))
[0m        (expression_statement
[31m          (expression
[0m[31m            (parenthesized_expression
[0m[31m              (expression
[0m[31m                (MISSING identifier)))))))[0m
[32m          (identifier))))[0m


  6. If statement with elseif and else:

    (source_file
      (if_statement
[31m        (expression
[0m[31m          (assignment
[0m[31m            (identifier)
[0m[31m            (expression
[0m[31m              (number))))
[0m[32m        (assignment
[0m[32m          (identifier)
[0m[32m          (number))
[0m        (return_statement
[31m          (expression
[0m[31m            (boolean)))
[0m[31m        (expression
[0m[31m          (binary_expression
[0m[31m            (expression
[0m[31m              (identifier))
[0m[31m            (expression
[0m[31m              (number))))
[0m[32m          (boolean))
[0m[32m        (assignment
[0m[32m          (identifier)
[0m[32m          (number))
[0m        (expression_statement
[31m          (expression
[0m[31m            (identifier)))
[0m[32m          (identifier))
[0m        (expression_statement
[31m          (expression
[0m[31m            (parenthesized_expression
[0m[31m              (expression
[0m[31m                (MISSING identifier)))))
[0m[31m        (expression_statement
[0m[31m          (expression
[0m[31m            (identifier)))
[0m[31m        (expression_statement
[0m[31m          (expression
[0m[31m            (parenthesized_expression
[0m[31m              (expression
[0m[31m                (MISSING identifier)))))))[0m
[32m          (identifier))))[0m

